#
# A fatal error has been detected by the Java Runtime Environment:
#
#  SIGSEGV (0xb) at pc=0x000055bad37a5ee7, pid=301704, tid=301704
#
# JRE version: OpenJDK Runtime Environment (11.0.26+4) (build 11.0.26+4-post-Ubuntu-1ubuntu122.04)
# Java VM: OpenJDK 64-Bit Server VM (11.0.26+4-post-Ubuntu-1ubuntu122.04, mixed mode, sharing, tiered, compressed oops, g1 gc, linux-amd64)
# Problematic frame:
# C  [python3+0x1a1ee7]
#
# Core dump will be written. Default location: /root/.vscode-server/chatbot_project/my_branch/rag-dev/api-builder/core.301704
#
# If you would like to submit a bug report, please visit:
#   https://bugs.launchpad.net/ubuntu/+source/openjdk-lts
# The crash happened outside the Java Virtual Machine in native code.
# See problematic frame for where to report the bug.
#

---------------  S U M M A R Y ------------

Command Line: -Dfile.encoding=UTF8 -ea -Xmx1024m 

Host: Intel(R) Xeon(R) Silver 4110 CPU @ 2.10GHz, 32 cores, 125G, Ubuntu 22.04.5 LTS
Time: Tue Feb 18 20:42:10 2025 UTC elapsed time: 0.700495 seconds (0d 0h 0m 0s)

---------------  T H R E A D  ---------------

Current thread (0x000055bad7390000):  JavaThread "main" [_thread_in_native, id=301704, stack(0x00007ffe850b0000,0x00007ffe851b0000)]

Stack: [0x00007ffe850b0000,0x00007ffe851b0000],  sp=0x00007ffe851ace20,  free space=1011k
Native frames: (J=compiled Java code, A=aot compiled Java code, j=interpreted, Vv=VM code, C=native code)
C  [python3+0x1a1ee7]


siginfo: si_signo: 11 (SIGSEGV), si_code: 1 (SEGV_MAPERR), si_addr: 0x0000000055bad4f8

Register to memory mapping:

RAX=0x000055bad50d1620 points into unknown readable memory: 0x0000000000000010 | 10 00 00 00 00 00 00 00
RBX=0x000055bad50d1620 points into unknown readable memory: 0x0000000000000010 | 10 00 00 00 00 00 00 00
RCX=0x00007f2fb1c81b00 points into unknown readable memory: 0x00007f2f5aeb6072 | 72 60 eb 5a 2f 7f 00 00
RDX=0x0000000055bad4f0 is an unknown value
RSP=0x00007ffe851ace20 is pointing into the stack for thread: 0x000055bad7390000
RBP=0x00007f2f5aeb6082 points into unknown readable memory: 00 00 00 00 00 00
RSI=0x000055bad3baddec: <offset 0x00000000005a9dec> in /root/.vscode-server/chatbot_project/venv/bin/python3 at 0x000055bad3604000
RDI=0x00007f2f5aeb6082 points into unknown readable memory: 00 00 00 00 00 00
R8 =0x000055bad3b823e0: _Py_NoneStruct+0x0000000000000000 in /root/.vscode-server/chatbot_project/venv/bin/python3 at 0x000055bad3604000
R9 =0x000055bad516b118 points into unknown readable memory: 0x000055bad3b823e0 | e0 23 b8 d3 ba 55 00 00
R10=0x00007f2fb2b8f62a points into unknown readable memory: 64 04 53 00 00 00
R11=0x000055bad516b100 points into unknown readable memory: 0x00007f2fb1e3cc10 | 10 cc e3 b1 2f 7f 00 00
R12=0x0000000000000003 is an unknown value
R13=0x00007f2fb2b8f62a points into unknown readable memory: 64 04 53 00 00 00
R14=0x000055bad516b160 points into unknown readable memory: 0x000055bad3b823e0 | e0 23 b8 d3 ba 55 00 00
R15=0x000055bad3b69320: <offset 0x0000000000565320> in /root/.vscode-server/chatbot_project/venv/bin/python3 at 0x000055bad3604000


Registers:
RAX=0x000055bad50d1620, RBX=0x000055bad50d1620, RCX=0x00007f2fb1c81b00, RDX=0x0000000055bad4f0
RSP=0x00007ffe851ace20, RBP=0x00007f2f5aeb6082, RSI=0x000055bad3baddec, RDI=0x00007f2f5aeb6082
R8 =0x000055bad3b823e0, R9 =0x000055bad516b118, R10=0x00007f2fb2b8f62a, R11=0x000055bad516b100
R12=0x0000000000000003, R13=0x00007f2fb2b8f62a, R14=0x000055bad516b160, R15=0x000055bad3b69320
RIP=0x000055bad37a5ee7, EFLAGS=0x0000000000010206, CSGSFS=0x002b000000000033, ERR=0x0000000000000004
  TRAPNO=0x000000000000000e

Top of Stack: (sp=0x00007ffe851ace20)
0x00007ffe851ace20:   000055ba00000000 00007ffe851ad000
0x00007ffe851ace30:   00007ffe851acf58 00007f2fb2848550
0x00007ffe851ace40:   00007f2fb2010040 00007f2fb2848550
0x00007ffe851ace50:   00007f2fb2010040 000055bad4f27e80 

Instructions: (pc=0x000055bad37a5ee7)
0x000055bad37a5de7:   24 08 e9 4a fe ff ff 41 83 f8 02 74 32 44 89 c6
0x000055bad37a5df7:   4c 89 ff e8 91 4e 0b 00 41 c7 84 24 30 03 00 00
0x000055bad37a5e07:   00 00 00 00 e9 fe fd ff ff 4c 89 c6 ff d5 48 89
0x000055bad37a5e17:   c5 e9 08 ff ff ff 48 8d 68 f0 e9 ec fd ff ff 48
0x000055bad37a5e27:   8b 87 48 03 00 00 48 99 49 f7 f9 48 39 87 50 03
0x000055bad37a5e37:   00 00 0f 8c 60 ff ff ff eb b3 66 66 2e 0f 1f 84
0x000055bad37a5e47:   00 00 00 00 00 0f 1f 40 00 f3 0f 1e fa 4c 8b 47
0x000055bad37a5e57:   18 4d 85 c0 74 31 48 8b 47 10 49 3b 40 10 7d 19
0x000055bad37a5e67:   49 8b 50 18 48 8b 0c c2 48 83 c0 01 48 89 47 10
0x000055bad37a5e77:   48 83 01 01 48 89 c8 c3 90 48 c7 47 18 00 00 00
0x000055bad37a5e87:   00 49 83 28 01 74 06 31 c9 48 89 c8 c3 50 4c 89
0x000055bad37a5e97:   c7 e8 c3 1d fb ff 31 c0 5a c3 66 66 2e 0f 1f 84
0x000055bad37a5ea7:   00 00 00 00 00 0f 1f 40 00 f3 0f 1e fa 41 57 41
0x000055bad37a5eb7:   56 41 55 41 54 55 48 89 fd 53 48 83 ec 58 48 8b
0x000055bad37a5ec7:   5f 08 f6 83 a9 00 00 00 40 0f 84 db 09 00 00 48
0x000055bad37a5ed7:   8b 57 f0 48 85 d2 0f 84 a5 03 00 00 48 8b 4f f8
0x000055bad37a5ee7:   48 8b 42 08 4c 8d 05 be ff ff ff 48 83 e1 fc 83
0x000055bad37a5ef7:   e0 03 48 09 c8 48 89 11 48 89 42 08 48 c7 47 f0
0x000055bad37a5f07:   00 00 00 00 48 83 67 f8 01 4c 39 43 30 0f 85 ca
0x000055bad37a5f17:   98 ee ff 48 8d 35 1f 7c 40 00 4c 8b be 38 02 00
0x000055bad37a5f27:   00 4d 85 ff 0f 84 a7 98 ee ff 41 8b bf b8 00 00
0x000055bad37a5f37:   00 83 ff 31 0f 8f 22 09 00 00 83 c7 01 41 89 bf
0x000055bad37a5f47:   b8 00 00 00 4c 39 43 30 0f 85 6b 02 00 00 4c 8b
0x000055bad37a5f57:   a3 00 01 00 00 4d 39 44 24 30 75 0f 4d 8b a4 24
0x000055bad37a5f67:   00 01 00 00 4d 39 44 24 30 74 f1 48 83 bb 88 01
0x000055bad37a5f77:   00 00 00 0f 85 53 05 00 00 45 31 ed 48 83 bb 78
0x000055bad37a5f87:   01 00 00 00 41 0f 95 c5 48 83 bb d0 00 00 00 00
0x000055bad37a5f97:   74 3b 49 83 bc 24 d0 00 00 00 00 75 30 4c 8b 75
0x000055bad37a5fa7:   08 49 8b 8e d0 00 00 00 48 85 c9 0f 8e 34 98 ee
0x000055bad37a5fb7:   ff 48 8b 7d 00 48 85 ff 0f 85 27 98 ee ff 48 01
0x000055bad37a5fc7:   e9 4c 8b 09 4d 85 c9 0f 85 3c 03 00 00 48 83 bb
0x000055bad37a5fd7:   78 01 00 00 00 0f 85 35 09 00 00 45 85 ed 0f 85 


Stack slot to memory mapping:
stack at sp + 0 slots: 0x000055ba00000000 is an unknown value
stack at sp + 1 slots: 0x00007ffe851ad000 is pointing into the stack for thread: 0x000055bad7390000
stack at sp + 2 slots: 0x00007ffe851acf58 is pointing into the stack for thread: 0x000055bad7390000
stack at sp + 3 slots: 0x00007f2fb2848550 points into unknown readable memory: 0x0000000000000001 | 01 00 00 00 00 00 00 00
stack at sp + 4 slots: 0x00007f2fb2010040 points into unknown readable memory: 0x0000000000000000 | 00 00 00 00 00 00 00 00
stack at sp + 5 slots: 0x00007f2fb2848550 points into unknown readable memory: 0x0000000000000001 | 01 00 00 00 00 00 00 00
stack at sp + 6 slots: 0x00007f2fb2010040 points into unknown readable memory: 0x0000000000000000 | 00 00 00 00 00 00 00 00
stack at sp + 7 slots: 0x000055bad4f27e80 points into unknown readable memory: 0x0000000000000000 | 00 00 00 00 00 00 00 00


---------------  P R O C E S S  ---------------

Threads class SMR info:
_java_thread_list=0x00007f2f2842a830, length=19, elements={
0x000055bad7390000, 0x000055bada6a5800, 0x000055bada6a7800, 0x000055bada6ac000,
0x000055bada6ae000, 0x000055bada6b0000, 0x000055bada6b2000, 0x000055bada6b4000,
0x00007f2f0c0c6000, 0x000055bada6e6000, 0x00007f2f10080800, 0x00007f2f100d4000,
0x00007f2f08096000, 0x00007f2e90002000, 0x00007f2f100d7000, 0x00007f2e88001800,
0x00007f2ef0192800, 0x00007f2ef0193800, 0x00007f2f14001800
}

Java Threads: ( => current thread )
=>0x000055bad7390000 JavaThread "main" [_thread_in_native, id=301704, stack(0x00007ffe850b0000,0x00007ffe851b0000)]
  0x000055bada6a5800 JavaThread "Reference Handler" daemon [_thread_blocked, id=301859, stack(0x00007f2f40331000,0x00007f2f40431000)]
  0x000055bada6a7800 JavaThread "Finalizer" daemon [_thread_blocked, id=301860, stack(0x00007f2f40231000,0x00007f2f40331000)]
  0x000055bada6ac000 JavaThread "Signal Dispatcher" daemon [_thread_blocked, id=301861, stack(0x00007f2f40131000,0x00007f2f40231000)]
  0x000055bada6ae000 JavaThread "Service Thread" daemon [_thread_blocked, id=301862, stack(0x00007f2f40031000,0x00007f2f40131000)]
  0x000055bada6b0000 JavaThread "C2 CompilerThread0" daemon [_thread_in_native, id=301863, stack(0x00007f2f38700000,0x00007f2f38800000)]
  0x000055bada6b2000 JavaThread "C1 CompilerThread0" daemon [_thread_blocked, id=301864, stack(0x00007f2f38600000,0x00007f2f38700000)]
  0x000055bada6b4000 JavaThread "Sweeper thread" daemon [_thread_blocked, id=301865, stack(0x00007f2f38500000,0x00007f2f38600000)]
  0x00007f2f0c0c6000 JavaThread "C1 CompilerThread1" daemon [_thread_blocked, id=301866, stack(0x00007f2f38400000,0x00007f2f38500000)]
  0x000055bada6e6000 JavaThread "Common-Cleaner" daemon [_thread_blocked, id=301868, stack(0x00007f2f381ff000,0x00007f2f382ff000)]
  0x00007f2f10080800 JavaThread "C2 CompilerThread1" daemon [_thread_in_native, id=301875, stack(0x00007f2efbf00000,0x00007f2efc000000)]
  0x00007f2f100d4000 JavaThread "C1 CompilerThread2" daemon [_thread_blocked, id=301899, stack(0x00007f2efa6ea000,0x00007f2efa7ea000)]
  0x00007f2f08096000 JavaThread "C1 CompilerThread3" daemon [_thread_blocked, id=301900, stack(0x00007f2efa5ea000,0x00007f2efa6ea000)]
  0x00007f2e90002000 JavaThread "C1 CompilerThread4" daemon [_thread_blocked, id=301901, stack(0x00007f2efa4ea000,0x00007f2efa5ea000)]
  0x00007f2f100d7000 JavaThread "C2 CompilerThread2" daemon [_thread_blocked, id=301902, stack(0x00007f2efa3ea000,0x00007f2efa4ea000)]
  0x00007f2e88001800 JavaThread "C2 CompilerThread3" daemon [_thread_blocked, id=301903, stack(0x00007f2efa2ea000,0x00007f2efa3ea000)]
  0x00007f2ef0192800 JavaThread "C2 CompilerThread4" daemon [_thread_blocked, id=301904, stack(0x00007f2efa1ea000,0x00007f2efa2ea000)]
  0x00007f2ef0193800 JavaThread "C2 CompilerThread5" daemon [_thread_blocked, id=301905, stack(0x00007f2efa0ea000,0x00007f2efa1ea000)]
  0x00007f2f14001800 JavaThread "SIGTERM handler" daemon [_thread_blocked, id=301908, stack(0x00007f2ef9fea000,0x00007f2efa0ea000)]

Other Threads:
  0x000055bada6a3000 VMThread "VM Thread" [stack: 0x00007f2f40432000,0x00007f2f40532000] [id=301858]
  0x000055bada6e3000 WatcherThread [stack: 0x00007f2f38300000,0x00007f2f38400000] [id=301867]
  0x000055bad739e000 GCTaskThread "GC Thread#0" [stack: 0x00007f2f41fda000,0x00007f2f420da000] [id=301853]
  0x00007f2f28001800 GCTaskThread "GC Thread#1" [stack: 0x00007f2efbe00000,0x00007f2efbf00000] [id=301877]
  0x00007f2f28003000 GCTaskThread "GC Thread#2" [stack: 0x00007f2efbcff000,0x00007f2efbdff000] [id=301878]
  0x00007f2f28004800 GCTaskThread "GC Thread#3" [stack: 0x00007f2efbbfe000,0x00007f2efbcfe000] [id=301879]
  0x00007f2f28006000 GCTaskThread "GC Thread#4" [stack: 0x00007f2efbafd000,0x00007f2efbbfd000] [id=301880]
  0x00007f2f28008000 GCTaskThread "GC Thread#5" [stack: 0x00007f2efb9fc000,0x00007f2efbafc000] [id=301881]
  0x00007f2f28009800 GCTaskThread "GC Thread#6" [stack: 0x00007f2efb8fb000,0x00007f2efb9fb000] [id=301882]
  0x00007f2f2800b000 GCTaskThread "GC Thread#7" [stack: 0x00007f2efb7fa000,0x00007f2efb8fa000] [id=301883]
  0x00007f2f2800c800 GCTaskThread "GC Thread#8" [stack: 0x00007f2efb6f9000,0x00007f2efb7f9000] [id=301884]
  0x00007f2f2800e800 GCTaskThread "GC Thread#9" [stack: 0x00007f2efb5f8000,0x00007f2efb6f8000] [id=301885]
  0x00007f2f28010800 GCTaskThread "GC Thread#10" [stack: 0x00007f2efb4f7000,0x00007f2efb5f7000] [id=301886]
  0x00007f2f28012000 GCTaskThread "GC Thread#11" [stack: 0x00007f2efb3f6000,0x00007f2efb4f6000] [id=301887]
  0x00007f2f28014000 GCTaskThread "GC Thread#12" [stack: 0x00007f2efb2f5000,0x00007f2efb3f5000] [id=301888]
  0x00007f2f28015800 GCTaskThread "GC Thread#13" [stack: 0x00007f2efb1f4000,0x00007f2efb2f4000] [id=301889]
  0x00007f2f28017800 GCTaskThread "GC Thread#14" [stack: 0x00007f2efb0f3000,0x00007f2efb1f3000] [id=301890]
  0x00007f2f28019800 GCTaskThread "GC Thread#15" [stack: 0x00007f2efaff2000,0x00007f2efb0f2000] [id=301891]
  0x00007f2f2801b000 GCTaskThread "GC Thread#16" [stack: 0x00007f2efaef1000,0x00007f2efaff1000] [id=301892]
  0x00007f2f2801d000 GCTaskThread "GC Thread#17" [stack: 0x00007f2efadf0000,0x00007f2efaef0000] [id=301893]
  0x00007f2f2801e800 GCTaskThread "GC Thread#18" [stack: 0x00007f2efacef000,0x00007f2efadef000] [id=301894]
  0x00007f2f28020800 GCTaskThread "GC Thread#19" [stack: 0x00007f2efabee000,0x00007f2efacee000] [id=301895]
  0x00007f2f28022800 GCTaskThread "GC Thread#20" [stack: 0x00007f2efaaed000,0x00007f2efabed000] [id=301896]
  0x00007f2f28024000 GCTaskThread "GC Thread#21" [stack: 0x00007f2efa9ec000,0x00007f2efaaec000] [id=301897]
  0x00007f2f28026000 GCTaskThread "GC Thread#22" [stack: 0x00007f2efa8eb000,0x00007f2efa9eb000] [id=301898]
  0x000055bad8ab7800 ConcurrentGCThread "G1 Main Marker" [stack: 0x00007f2f40836000,0x00007f2f40936000] [id=301854]
  0x000055bad8ab8000 ConcurrentGCThread "G1 Conc#0" [stack: 0x00007f2f40735000,0x00007f2f40835000] [id=301855]
  0x000055bada536000 ConcurrentGCThread "G1 Refine#0" [stack: 0x00007f2f40634000,0x00007f2f40734000] [id=301856]
  0x000055bada537800 ConcurrentGCThread "G1 Young RemSet Sampling" [stack: 0x00007f2f40533000,0x00007f2f40633000] [id=301857]

Threads with active compile tasks:
C2 CompilerThread0      714  760       4       jdk.internal.jimage.ImageLocation::getFullName (109 bytes)
C2 CompilerThread1      714  804       4       jdk.internal.jimage.ImageReader$SharedImageReader::lambda$handleModulesSubTree$1 (43 bytes)

VM state:not at safepoint (normal execution)

VM Mutex/Monitor currently owned by a thread: None

Heap address: 0x00000000c0000000, size: 1024 MB, Compressed Oops mode: 32-bit
Narrow klass base: 0x0000000800000000, Narrow klass shift: 3
Compressed class space size: 1073741824 Address: 0x0000000840000000

Heap:
 garbage-first heap   total 536576K, used 8152K [0x00000000c0000000, 0x0000000100000000)
  region size 1024K, 5 young (5120K), 2 survivors (2048K)
 Metaspace       used 3174K, capacity 5253K, committed 5504K, reserved 1056768K
  class space    used 293K, capacity 514K, committed 640K, reserved 1048576K
Heap Regions: E=young(eden), S=young(survivor), O=old, HS=humongous(starts), HC=humongous(continues), CS=collection set, F=free, A=archive, TAMS=top-at-mark-start (previous, next)
|   0|0x00000000c0000000, 0x00000000c0100000, 0x00000000c0100000|100%| O|  |TAMS 0x00000000c0000000, 0x00000000c0000000| Untracked 
|   1|0x00000000c0100000, 0x00000000c0200000, 0x00000000c0200000|100%| O|  |TAMS 0x00000000c0100000, 0x00000000c0100000| Untracked 
|   2|0x00000000c0200000, 0x00000000c025d200, 0x00000000c0300000| 36%| O|  |TAMS 0x00000000c0200000, 0x00000000c0200000| Untracked 
|   3|0x00000000c0300000, 0x00000000c0300000, 0x00000000c0400000|  0%| F|  |TAMS 0x00000000c0300000, 0x00000000c0300000| Untracked 
|   4|0x00000000c0400000, 0x00000000c0400000, 0x00000000c0500000|  0%| F|  |TAMS 0x00000000c0400000, 0x00000000c0400000| Untracked 
|   5|0x00000000c0500000, 0x00000000c0500000, 0x00000000c0600000|  0%| F|  |TAMS 0x00000000c0500000, 0x00000000c0500000| Untracked 
|   6|0x00000000c0600000, 0x00000000c0600000, 0x00000000c0700000|  0%| F|  |TAMS 0x00000000c0600000, 0x00000000c0600000| Untracked 
|   7|0x00000000c0700000, 0x00000000c07b6c10, 0x00000000c0800000| 71%| S|CS|TAMS 0x00000000c0700000, 0x00000000c0700000| Complete 
|   8|0x00000000c0800000, 0x00000000c0900000, 0x00000000c0900000|100%| S|CS|TAMS 0x00000000c0800000, 0x00000000c0800000| Complete 
|   9|0x00000000c0900000, 0x00000000c0900000, 0x00000000c0a00000|  0%| F|  |TAMS 0x00000000c0900000, 0x00000000c0900000| Untracked 
|  10|0x00000000c0a00000, 0x00000000c0a00000, 0x00000000c0b00000|  0%| F|  |TAMS 0x00000000c0a00000, 0x00000000c0a00000| Untracked 
|  11|0x00000000c0b00000, 0x00000000c0b31ad8, 0x00000000c0c00000| 19%| O|  |TAMS 0x00000000c0b00000, 0x00000000c0b00000| Untracked 
|  12|0x00000000c0c00000, 0x00000000c0c00000, 0x00000000c0d00000|  0%| F|  |TAMS 0x00000000c0c00000, 0x00000000c0c00000| Untracked 
|  13|0x00000000c0d00000, 0x00000000c0d00000, 0x00000000c0e00000|  0%| F|  |TAMS 0x00000000c0d00000, 0x00000000c0d00000| Untracked 
|  14|0x00000000c0e00000, 0x00000000c0e00000, 0x00000000c0f00000|  0%| F|  |TAMS 0x00000000c0e00000, 0x00000000c0e00000| Untracked 
|  15|0x00000000c0f00000, 0x00000000c0f00000, 0x00000000c1000000|  0%| F|  |TAMS 0x00000000c0f00000, 0x00000000c0f00000| Untracked 
|  16|0x00000000c1000000, 0x00000000c1000000, 0x00000000c1100000|  0%| F|  |TAMS 0x00000000c1000000, 0x00000000c1000000| Untracked 
|  17|0x00000000c1100000, 0x00000000c1100000, 0x00000000c1200000|  0%| F|  |TAMS 0x00000000c1100000, 0x00000000c1100000| Untracked 
|  18|0x00000000c1200000, 0x00000000c1200000, 0x00000000c1300000|  0%| F|  |TAMS 0x00000000c1200000, 0x00000000c1200000| Untracked 
|  19|0x00000000c1300000, 0x00000000c1300000, 0x00000000c1400000|  0%| F|  |TAMS 0x00000000c1300000, 0x00000000c1300000| Untracked 
|  20|0x00000000c1400000, 0x00000000c1400000, 0x00000000c1500000|  0%| F|  |TAMS 0x00000000c1400000, 0x00000000c1400000| Untracked 
|  21|0x00000000c1500000, 0x00000000c1500000, 0x00000000c1600000|  0%| F|  |TAMS 0x00000000c1500000, 0x00000000c1500000| Untracked 
|  22|0x00000000c1600000, 0x00000000c1600000, 0x00000000c1700000|  0%| F|  |TAMS 0x00000000c1600000, 0x00000000c1600000| Untracked 
|  23|0x00000000c1700000, 0x00000000c1700000, 0x00000000c1800000|  0%| F|  |TAMS 0x00000000c1700000, 0x00000000c1700000| Untracked 
|  24|0x00000000c1800000, 0x00000000c181d320, 0x00000000c1900000| 11%| O|  |TAMS 0x00000000c1800000, 0x00000000c1800000| Untracked 
|  25|0x00000000c1900000, 0x00000000c1900000, 0x00000000c1a00000|  0%| F|  |TAMS 0x00000000c1900000, 0x00000000c1900000| Untracked 
|  26|0x00000000c1a00000, 0x00000000c1a00000, 0x00000000c1b00000|  0%| F|  |TAMS 0x00000000c1a00000, 0x00000000c1a00000| Untracked 
|  27|0x00000000c1b00000, 0x00000000c1b00000, 0x00000000c1c00000|  0%| F|  |TAMS 0x00000000c1b00000, 0x00000000c1b00000| Untracked 
|  28|0x00000000c1c00000, 0x00000000c1c00000, 0x00000000c1d00000|  0%| F|  |TAMS 0x00000000c1c00000, 0x00000000c1c00000| Untracked 
|  29|0x00000000c1d00000, 0x00000000c1d00000, 0x00000000c1e00000|  0%| F|  |TAMS 0x00000000c1d00000, 0x00000000c1d00000| Untracked 
|  30|0x00000000c1e00000, 0x00000000c1e00000, 0x00000000c1f00000|  0%| F|  |TAMS 0x00000000c1e00000, 0x00000000c1e00000| Untracked 
|  31|0x00000000c1f00000, 0x00000000c1f00000, 0x00000000c2000000|  0%| F|  |TAMS 0x00000000c1f00000, 0x00000000c1f00000| Untracked 
|  32|0x00000000c2000000, 0x00000000c2000000, 0x00000000c2100000|  0%| F|  |TAMS 0x00000000c2000000, 0x00000000c2000000| Untracked 
|  33|0x00000000c2100000, 0x00000000c2100000, 0x00000000c2200000|  0%| F|  |TAMS 0x00000000c2100000, 0x00000000c2100000| Untracked 
|  34|0x00000000c2200000, 0x00000000c2200000, 0x00000000c2300000|  0%| F|  |TAMS 0x00000000c2200000, 0x00000000c2200000| Untracked 
|  35|0x00000000c2300000, 0x00000000c2300000, 0x00000000c2400000|  0%| F|  |TAMS 0x00000000c2300000, 0x00000000c2300000| Untracked 
|  36|0x00000000c2400000, 0x00000000c2400000, 0x00000000c2500000|  0%| F|  |TAMS 0x00000000c2400000, 0x00000000c2400000| Untracked 
|  37|0x00000000c2500000, 0x00000000c2500000, 0x00000000c2600000|  0%| F|  |TAMS 0x00000000c2500000, 0x00000000c2500000| Untracked 
|  38|0x00000000c2600000, 0x00000000c2600000, 0x00000000c2700000|  0%| F|  |TAMS 0x00000000c2600000, 0x00000000c2600000| Untracked 
|  39|0x00000000c2700000, 0x00000000c2700000, 0x00000000c2800000|  0%| F|  |TAMS 0x00000000c2700000, 0x00000000c2700000| Untracked 
|  40|0x00000000c2800000, 0x00000000c2800000, 0x00000000c2900000|  0%| F|  |TAMS 0x00000000c2800000, 0x00000000c2800000| Untracked 
|  41|0x00000000c2900000, 0x00000000c2900000, 0x00000000c2a00000|  0%| F|  |TAMS 0x00000000c2900000, 0x00000000c2900000| Untracked 
|  42|0x00000000c2a00000, 0x00000000c2a00000, 0x00000000c2b00000|  0%| F|  |TAMS 0x00000000c2a00000, 0x00000000c2a00000| Untracked 
|  43|0x00000000c2b00000, 0x00000000c2b00000, 0x00000000c2c00000|  0%| F|  |TAMS 0x00000000c2b00000, 0x00000000c2b00000| Untracked 
|  44|0x00000000c2c00000, 0x00000000c2c00000, 0x00000000c2d00000|  0%| F|  |TAMS 0x00000000c2c00000, 0x00000000c2c00000| Untracked 
|  45|0x00000000c2d00000, 0x00000000c2d61ce0, 0x00000000c2e00000| 38%| O|  |TAMS 0x00000000c2d00000, 0x00000000c2d00000| Untracked 
|  46|0x00000000c2e00000, 0x00000000c2e00000, 0x00000000c2f00000|  0%| F|  |TAMS 0x00000000c2e00000, 0x00000000c2e00000| Untracked 
|  47|0x00000000c2f00000, 0x00000000c2f00000, 0x00000000c3000000|  0%| F|  |TAMS 0x00000000c2f00000, 0x00000000c2f00000| Untracked 
|  48|0x00000000c3000000, 0x00000000c3000000, 0x00000000c3100000|  0%| F|  |TAMS 0x00000000c3000000, 0x00000000c3000000| Untracked 
|  49|0x00000000c3100000, 0x00000000c3100000, 0x00000000c3200000|  0%| F|  |TAMS 0x00000000c3100000, 0x00000000c3100000| Untracked 
|  50|0x00000000c3200000, 0x00000000c3200000, 0x00000000c3300000|  0%| F|  |TAMS 0x00000000c3200000, 0x00000000c3200000| Untracked 
|  51|0x00000000c3300000, 0x00000000c3300000, 0x00000000c3400000|  0%| F|  |TAMS 0x00000000c3300000, 0x00000000c3300000| Untracked 
|  52|0x00000000c3400000, 0x00000000c3400000, 0x00000000c3500000|  0%| F|  |TAMS 0x00000000c3400000, 0x00000000c3400000| Untracked 
|  53|0x00000000c3500000, 0x00000000c3500000, 0x00000000c3600000|  0%| F|  |TAMS 0x00000000c3500000, 0x00000000c3500000| Untracked 
|  54|0x00000000c3600000, 0x00000000c3600000, 0x00000000c3700000|  0%| F|  |TAMS 0x00000000c3600000, 0x00000000c3600000| Untracked 
|  55|0x00000000c3700000, 0x00000000c3700000, 0x00000000c3800000|  0%| F|  |TAMS 0x00000000c3700000, 0x00000000c3700000| Untracked 
|  56|0x00000000c3800000, 0x00000000c3800000, 0x00000000c3900000|  0%| F|  |TAMS 0x00000000c3800000, 0x00000000c3800000| Untracked 
|  57|0x00000000c3900000, 0x00000000c3900000, 0x00000000c3a00000|  0%| F|  |TAMS 0x00000000c3900000, 0x00000000c3900000| Untracked 
|  58|0x00000000c3a00000, 0x00000000c3a00000, 0x00000000c3b00000|  0%| F|  |TAMS 0x00000000c3a00000, 0x00000000c3a00000| Untracked 
|  59|0x00000000c3b00000, 0x00000000c3b00000, 0x00000000c3c00000|  0%| F|  |TAMS 0x00000000c3b00000, 0x00000000c3b00000| Untracked 
|  60|0x00000000c3c00000, 0x00000000c3c00000, 0x00000000c3d00000|  0%| F|  |TAMS 0x00000000c3c00000, 0x00000000c3c00000| Untracked 
|  61|0x00000000c3d00000, 0x00000000c3d00000, 0x00000000c3e00000|  0%| F|  |TAMS 0x00000000c3d00000, 0x00000000c3d00000| Untracked 
|  62|0x00000000c3e00000, 0x00000000c3e00000, 0x00000000c3f00000|  0%| F|  |TAMS 0x00000000c3e00000, 0x00000000c3e00000| Untracked 
|  63|0x00000000c3f00000, 0x00000000c3f00000, 0x00000000c4000000|  0%| F|  |TAMS 0x00000000c3f00000, 0x00000000c3f00000| Untracked 
|  64|0x00000000c4000000, 0x00000000c4000000, 0x00000000c4100000|  0%| F|  |TAMS 0x00000000c4000000, 0x00000000c4000000| Untracked 
|  65|0x00000000c4100000, 0x00000000c4100000, 0x00000000c4200000|  0%| F|  |TAMS 0x00000000c4100000, 0x00000000c4100000| Untracked 
|  66|0x00000000c4200000, 0x00000000c4200000, 0x00000000c4300000|  0%| F|  |TAMS 0x00000000c4200000, 0x00000000c4200000| Untracked 
|  67|0x00000000c4300000, 0x00000000c4300000, 0x00000000c4400000|  0%| F|  |TAMS 0x00000000c4300000, 0x00000000c4300000| Untracked 
|  68|0x00000000c4400000, 0x00000000c4400000, 0x00000000c4500000|  0%| F|  |TAMS 0x00000000c4400000, 0x00000000c4400000| Untracked 
|  69|0x00000000c4500000, 0x00000000c4500000, 0x00000000c4600000|  0%| F|  |TAMS 0x00000000c4500000, 0x00000000c4500000| Untracked 
|  70|0x00000000c4600000, 0x00000000c4600000, 0x00000000c4700000|  0%| F|  |TAMS 0x00000000c4600000, 0x00000000c4600000| Untracked 
|  71|0x00000000c4700000, 0x00000000c4700000, 0x00000000c4800000|  0%| F|  |TAMS 0x00000000c4700000, 0x00000000c4700000| Untracked 
|  72|0x00000000c4800000, 0x00000000c4800000, 0x00000000c4900000|  0%| F|  |TAMS 0x00000000c4800000, 0x00000000c4800000| Untracked 
|  73|0x00000000c4900000, 0x00000000c4900000, 0x00000000c4a00000|  0%| F|  |TAMS 0x00000000c4900000, 0x00000000c4900000| Untracked 
|  74|0x00000000c4a00000, 0x00000000c4a00000, 0x00000000c4b00000|  0%| F|  |TAMS 0x00000000c4a00000, 0x00000000c4a00000| Untracked 
|  75|0x00000000c4b00000, 0x00000000c4b00000, 0x00000000c4c00000|  0%| F|  |TAMS 0x00000000c4b00000, 0x00000000c4b00000| Untracked 
|  76|0x00000000c4c00000, 0x00000000c4c00000, 0x00000000c4d00000|  0%| F|  |TAMS 0x00000000c4c00000, 0x00000000c4c00000| Untracked 
|  77|0x00000000c4d00000, 0x00000000c4d00000, 0x00000000c4e00000|  0%| F|  |TAMS 0x00000000c4d00000, 0x00000000c4d00000| Untracked 
|  78|0x00000000c4e00000, 0x00000000c4e00000, 0x00000000c4f00000|  0%| F|  |TAMS 0x00000000c4e00000, 0x00000000c4e00000| Untracked 
|  79|0x00000000c4f00000, 0x00000000c4f00000, 0x00000000c5000000|  0%| F|  |TAMS 0x00000000c4f00000, 0x00000000c4f00000| Untracked 
|  80|0x00000000c5000000, 0x00000000c5000000, 0x00000000c5100000|  0%| F|  |TAMS 0x00000000c5000000, 0x00000000c5000000| Untracked 
|  81|0x00000000c5100000, 0x00000000c5100000, 0x00000000c5200000|  0%| F|  |TAMS 0x00000000c5100000, 0x00000000c5100000| Untracked 
|  82|0x00000000c5200000, 0x00000000c5200000, 0x00000000c5300000|  0%| F|  |TAMS 0x00000000c5200000, 0x00000000c5200000| Untracked 
|  83|0x00000000c5300000, 0x00000000c5300000, 0x00000000c5400000|  0%| F|  |TAMS 0x00000000c5300000, 0x00000000c5300000| Untracked 
|  84|0x00000000c5400000, 0x00000000c5400000, 0x00000000c5500000|  0%| F|  |TAMS 0x00000000c5400000, 0x00000000c5400000| Untracked 
|  85|0x00000000c5500000, 0x00000000c5500000, 0x00000000c5600000|  0%| F|  |TAMS 0x00000000c5500000, 0x00000000c5500000| Untracked 
|  86|0x00000000c5600000, 0x00000000c5600000, 0x00000000c5700000|  0%| F|  |TAMS 0x00000000c5600000, 0x00000000c5600000| Untracked 
|  87|0x00000000c5700000, 0x00000000c5700000, 0x00000000c5800000|  0%| F|  |TAMS 0x00000000c5700000, 0x00000000c5700000| Untracked 
|  88|0x00000000c5800000, 0x00000000c5800000, 0x00000000c5900000|  0%| F|  |TAMS 0x00000000c5800000, 0x00000000c5800000| Untracked 
|  89|0x00000000c5900000, 0x00000000c591d838, 0x00000000c5a00000| 11%| O|  |TAMS 0x00000000c5900000, 0x00000000c5900000| Untracked 
|  90|0x00000000c5a00000, 0x00000000c5a00000, 0x00000000c5b00000|  0%| F|  |TAMS 0x00000000c5a00000, 0x00000000c5a00000| Untracked 
|  91|0x00000000c5b00000, 0x00000000c5b00000, 0x00000000c5c00000|  0%| F|  |TAMS 0x00000000c5b00000, 0x00000000c5b00000| Untracked 
|  92|0x00000000c5c00000, 0x00000000c5c00000, 0x00000000c5d00000|  0%| F|  |TAMS 0x00000000c5c00000, 0x00000000c5c00000| Untracked 
|  93|0x00000000c5d00000, 0x00000000c5d00000, 0x00000000c5e00000|  0%| F|  |TAMS 0x00000000c5d00000, 0x00000000c5d00000| Untracked 
|  94|0x00000000c5e00000, 0x00000000c5e00000, 0x00000000c5f00000|  0%| F|  |TAMS 0x00000000c5e00000, 0x00000000c5e00000| Untracked 
|  95|0x00000000c5f00000, 0x00000000c5f00000, 0x00000000c6000000|  0%| F|  |TAMS 0x00000000c5f00000, 0x00000000c5f00000| Untracked 
|  96|0x00000000c6000000, 0x00000000c6000000, 0x00000000c6100000|  0%| F|  |TAMS 0x00000000c6000000, 0x00000000c6000000| Untracked 
|  97|0x00000000c6100000, 0x00000000c6100000, 0x00000000c6200000|  0%| F|  |TAMS 0x00000000c6100000, 0x00000000c6100000| Untracked 
|  98|0x00000000c6200000, 0x00000000c6200000, 0x00000000c6300000|  0%| F|  |TAMS 0x00000000c6200000, 0x00000000c6200000| Untracked 
|  99|0x00000000c6300000, 0x00000000c6300000, 0x00000000c6400000|  0%| F|  |TAMS 0x00000000c6300000, 0x00000000c6300000| Untracked 
| 100|0x00000000c6400000, 0x00000000c6400000, 0x00000000c6500000|  0%| F|  |TAMS 0x00000000c6400000, 0x00000000c6400000| Untracked 
| 101|0x00000000c6500000, 0x00000000c6500000, 0x00000000c6600000|  0%| F|  |TAMS 0x00000000c6500000, 0x00000000c6500000| Untracked 
| 102|0x00000000c6600000, 0x00000000c6600000, 0x00000000c6700000|  0%| F|  |TAMS 0x00000000c6600000, 0x00000000c6600000| Untracked 
| 103|0x00000000c6700000, 0x00000000c6700000, 0x00000000c6800000|  0%| F|  |TAMS 0x00000000c6700000, 0x00000000c6700000| Untracked 
| 104|0x00000000c6800000, 0x00000000c6800000, 0x00000000c6900000|  0%| F|  |TAMS 0x00000000c6800000, 0x00000000c6800000| Untracked 
| 105|0x00000000c6900000, 0x00000000c6900000, 0x00000000c6a00000|  0%| F|  |TAMS 0x00000000c6900000, 0x00000000c6900000| Untracked 
| 106|0x00000000c6a00000, 0x00000000c6a00000, 0x00000000c6b00000|  0%| F|  |TAMS 0x00000000c6a00000, 0x00000000c6a00000| Untracked 
| 107|0x00000000c6b00000, 0x00000000c6b60158, 0x00000000c6c00000| 37%| O|  |TAMS 0x00000000c6b00000, 0x00000000c6b00000| Untracked 
| 108|0x00000000c6c00000, 0x00000000c6c00000, 0x00000000c6d00000|  0%| F|  |TAMS 0x00000000c6c00000, 0x00000000c6c00000| Untracked 
| 109|0x00000000c6d00000, 0x00000000c6d00000, 0x00000000c6e00000|  0%| F|  |TAMS 0x00000000c6d00000, 0x00000000c6d00000| Untracked 
| 110|0x00000000c6e00000, 0x00000000c6e00000, 0x00000000c6f00000|  0%| F|  |TAMS 0x00000000c6e00000, 0x00000000c6e00000| Untracked 
| 111|0x00000000c6f00000, 0x00000000c6f00000, 0x00000000c7000000|  0%| F|  |TAMS 0x00000000c6f00000, 0x00000000c6f00000| Untracked 
| 112|0x00000000c7000000, 0x00000000c7000000, 0x00000000c7100000|  0%| F|  |TAMS 0x00000000c7000000, 0x00000000c7000000| Untracked 
| 113|0x00000000c7100000, 0x00000000c7100000, 0x00000000c7200000|  0%| F|  |TAMS 0x00000000c7100000, 0x00000000c7100000| Untracked 
| 114|0x00000000c7200000, 0x00000000c7200000, 0x00000000c7300000|  0%| F|  |TAMS 0x00000000c7200000, 0x00000000c7200000| Untracked 
| 115|0x00000000c7300000, 0x00000000c7300000, 0x00000000c7400000|  0%| F|  |TAMS 0x00000000c7300000, 0x00000000c7300000| Untracked 
| 116|0x00000000c7400000, 0x00000000c7400000, 0x00000000c7500000|  0%| F|  |TAMS 0x00000000c7400000, 0x00000000c7400000| Untracked 
| 117|0x00000000c7500000, 0x00000000c7500000, 0x00000000c7600000|  0%| F|  |TAMS 0x00000000c7500000, 0x00000000c7500000| Untracked 
| 118|0x00000000c7600000, 0x00000000c7600000, 0x00000000c7700000|  0%| F|  |TAMS 0x00000000c7600000, 0x00000000c7600000| Untracked 
| 119|0x00000000c7700000, 0x00000000c7700000, 0x00000000c7800000|  0%| F|  |TAMS 0x00000000c7700000, 0x00000000c7700000| Untracked 
| 120|0x00000000c7800000, 0x00000000c7800000, 0x00000000c7900000|  0%| F|  |TAMS 0x00000000c7800000, 0x00000000c7800000| Untracked 
| 121|0x00000000c7900000, 0x00000000c7900000, 0x00000000c7a00000|  0%| F|  |TAMS 0x00000000c7900000, 0x00000000c7900000| Untracked 
| 122|0x00000000c7a00000, 0x00000000c7a00000, 0x00000000c7b00000|  0%| F|  |TAMS 0x00000000c7a00000, 0x00000000c7a00000| Untracked 
| 123|0x00000000c7b00000, 0x00000000c7b00000, 0x00000000c7c00000|  0%| F|  |TAMS 0x00000000c7b00000, 0x00000000c7b00000| Untracked 
| 124|0x00000000c7c00000, 0x00000000c7c00000, 0x00000000c7d00000|  0%| F|  |TAMS 0x00000000c7c00000, 0x00000000c7c00000| Untracked 
| 125|0x00000000c7d00000, 0x00000000c7d00000, 0x00000000c7e00000|  0%| F|  |TAMS 0x00000000c7d00000, 0x00000000c7d00000| Untracked 
| 126|0x00000000c7e00000, 0x00000000c7e00000, 0x00000000c7f00000|  0%| F|  |TAMS 0x00000000c7e00000, 0x00000000c7e00000| Untracked 
| 127|0x00000000c7f00000, 0x00000000c7f00000, 0x00000000c8000000|  0%| F|  |TAMS 0x00000000c7f00000, 0x00000000c7f00000| Untracked 
| 128|0x00000000c8000000, 0x00000000c8000000, 0x00000000c8100000|  0%| F|  |TAMS 0x00000000c8000000, 0x00000000c8000000| Untracked 
| 129|0x00000000c8100000, 0x00000000c8100000, 0x00000000c8200000|  0%| F|  |TAMS 0x00000000c8100000, 0x00000000c8100000| Untracked 
| 130|0x00000000c8200000, 0x00000000c8200000, 0x00000000c8300000|  0%| F|  |TAMS 0x00000000c8200000, 0x00000000c8200000| Untracked 
| 131|0x00000000c8300000, 0x00000000c8300000, 0x00000000c8400000|  0%| F|  |TAMS 0x00000000c8300000, 0x00000000c8300000| Untracked 
| 132|0x00000000c8400000, 0x00000000c8400000, 0x00000000c8500000|  0%| F|  |TAMS 0x00000000c8400000, 0x00000000c8400000| Untracked 
| 133|0x00000000c8500000, 0x00000000c8500000, 0x00000000c8600000|  0%| F|  |TAMS 0x00000000c8500000, 0x00000000c8500000| Untracked 
| 134|0x00000000c8600000, 0x00000000c8600000, 0x00000000c8700000|  0%| F|  |TAMS 0x00000000c8600000, 0x00000000c8600000| Untracked 
| 135|0x00000000c8700000, 0x00000000c8700000, 0x00000000c8800000|  0%| F|  |TAMS 0x00000000c8700000, 0x00000000c8700000| Untracked 
| 136|0x00000000c8800000, 0x00000000c8800000, 0x00000000c8900000|  0%| F|  |TAMS 0x00000000c8800000, 0x00000000c8800000| Untracked 
| 137|0x00000000c8900000, 0x00000000c8900000, 0x00000000c8a00000|  0%| F|  |TAMS 0x00000000c8900000, 0x00000000c8900000| Untracked 
| 138|0x00000000c8a00000, 0x00000000c8a00000, 0x00000000c8b00000|  0%| F|  |TAMS 0x00000000c8a00000, 0x00000000c8a00000| Untracked 
| 139|0x00000000c8b00000, 0x00000000c8b00000, 0x00000